src/app/admin/login/page.tsx(52,9): error TS2339: Property 'iOSCard' does not exist on type 'JSX.IntrinsicElements'.
src/app/admin/login/page.tsx(126,9): error TS2339: Property 'iOSCard' does not exist on type 'JSX.IntrinsicElements'.
src/app/admin/page.tsx(219,19): error TS2339: Property 'iOSCard' does not exist on type 'JSX.IntrinsicElements'.
src/app/admin/page.tsx(267,19): error TS2339: Property 'iOSCard' does not exist on type 'JSX.IntrinsicElements'.
src/app/admin/page.tsx(304,15): error TS2339: Property 'iOSCard' does not exist on type 'JSX.IntrinsicElements'.
src/app/admin/page.tsx(351,15): error TS2339: Property 'iOSCard' does not exist on type 'JSX.IntrinsicElements'.
src/app/admin/page.tsx(363,15): error TS2339: Property 'iOSCard' does not exist on type 'JSX.IntrinsicElements'.
src/app/admin/page.tsx(408,15): error TS2339: Property 'iOSCard' does not exist on type 'JSX.IntrinsicElements'.
src/app/admin/page.tsx(451,5): error TS2339: Property 'iOSCard' does not exist on type 'JSX.IntrinsicElements'.
src/app/admin/page.tsx(459,5): error TS2339: Property 'iOSCard' does not exist on type 'JSX.IntrinsicElements'.
src/app/page.tsx(300,15): error TS2339: Property 'iOSCard' does not exist on type 'JSX.IntrinsicElements'.
src/app/page.tsx(329,15): error TS2339: Property 'iOSCard' does not exist on type 'JSX.IntrinsicElements'.
src/app/page.tsx(354,17): error TS2339: Property 'iOSCard' does not exist on type 'JSX.IntrinsicElements'.
src/app/page.tsx(369,17): error TS2339: Property 'iOSCard' does not exist on type 'JSX.IntrinsicElements'.
src/app/page.tsx(374,17): error TS2339: Property 'iOSCard' does not exist on type 'JSX.IntrinsicElements'.
src/app/page.tsx(458,17): error TS2339: Property 'iOSCard' does not exist on type 'JSX.IntrinsicElements'.
src/app/page.tsx(479,15): error TS2339: Property 'iOSCard' does not exist on type 'JSX.IntrinsicElements'.
src/app/page.tsx(516,15): error TS2339: Property 'iOSCard' does not exist on type 'JSX.IntrinsicElements'.
src/app/payment/page.tsx(102,11): error TS2339: Property 'iOSCard' does not exist on type 'JSX.IntrinsicElements'.
src/app/payment/page.tsx(154,11): error TS2339: Property 'iOSCard' does not exist on type 'JSX.IntrinsicElements'.
src/components/features/kiosk/PrintSettings.tsx(7,10): error TS2305: Module '"@/components/ui"' has no exported member 'Button'.
src/components/features/kiosk/ServiceOffline.tsx(7,10): error TS2305: Module '"@/components/ui"' has no exported member 'Button'.
